// Jest Snapshot v1, https://goo.gl/fbAQLP

exports[`AudioPlayer component should match snapshot 1`] = `
Object {
  "asFragment": [Function],
  "baseElement": <body>
    <div>
      <div
        class="sc-AxjAm jkZftL"
      >
        <audio
          data-testid="audio"
        >
          <source />
          Your browser does not support the audio element.
        </audio>
        <div
          class="sc-AxhUy dMGOsD"
        >
          <div
            class="sc-AxiKw cxefkL"
            data-testid="audio-notification"
          >
            You have not selected any song yet!
          </div>
        </div>
        <div
          class="sc-AxheI JGUfr"
        >
          <div
            class="sc-AxgMl lnWYQu"
            data-testid="audio-control-prev"
          >
            <svg
              aria-hidden="true"
              class="MuiSvgIcon-root"
              focusable="false"
              viewBox="0 0 24 24"
            >
              <path
                d="M7 6c.55 0 1 .45 1 1v10c0 .55-.45 1-1 1s-1-.45-1-1V7c0-.55.45-1 1-1zm3.66 6.82l5.77 4.07c.66.47 1.58-.01 1.58-.82V7.93c0-.81-.91-1.28-1.58-.82l-5.77 4.07c-.57.4-.57 1.24 0 1.64z"
              />
            </svg>
          </div>
          <div
            class="sc-AxgMl gBRePK"
            data-testid="audio-control-play-pause"
          >
            <svg
              aria-hidden="true"
              class="MuiSvgIcon-root"
              data-testid="audio-play-icon"
              focusable="false"
              viewBox="0 0 24 24"
            >
              <path
                d="M10.8 15.9l4.67-3.5c.27-.2.27-.6 0-.8L10.8 8.1c-.33-.25-.8-.01-.8.4v7c0 .41.47.65.8.4zM12 2C6.48 2 2 6.48 2 12s4.48 10 10 10 10-4.48 10-10S17.52 2 12 2zm0 18c-4.41 0-8-3.59-8-8s3.59-8 8-8 8 3.59 8 8-3.59 8-8 8z"
              />
            </svg>
          </div>
          <div
            class="sc-AxgMl lnWYQu"
            data-testid="audio-control-next"
          >
            <svg
              aria-hidden="true"
              class="MuiSvgIcon-root"
              focusable="false"
              viewBox="0 0 24 24"
            >
              <path
                d="M7.58 16.89l5.77-4.07c.56-.4.56-1.24 0-1.63L7.58 7.11C6.91 6.65 6 7.12 6 7.93v8.14c0 .81.91 1.28 1.58.82zM16 7v10c0 .55.45 1 1 1s1-.45 1-1V7c0-.55-.45-1-1-1s-1 .45-1 1z"
              />
            </svg>
          </div>
        </div>
        <div
          class="sc-fzozJi cCmWGe"
        >
          <div
            class="sc-Axmtr dILVTF"
          >
            00:00
          </div>
          <div
            class="sc-AxmLO bptprH"
          />
          <div
            class="sc-Axmtr dILVTF"
          >
            00:00
          </div>
        </div>
      </div>
    </div>
  </body>,
  "container": <div>
    <div
      class="sc-AxjAm jkZftL"
    >
      <audio
        data-testid="audio"
      >
        <source />
        Your browser does not support the audio element.
      </audio>
      <div
        class="sc-AxhUy dMGOsD"
      >
        <div
          class="sc-AxiKw cxefkL"
          data-testid="audio-notification"
        >
          You have not selected any song yet!
        </div>
      </div>
      <div
        class="sc-AxheI JGUfr"
      >
        <div
          class="sc-AxgMl lnWYQu"
          data-testid="audio-control-prev"
        >
          <svg
            aria-hidden="true"
            class="MuiSvgIcon-root"
            focusable="false"
            viewBox="0 0 24 24"
          >
            <path
              d="M7 6c.55 0 1 .45 1 1v10c0 .55-.45 1-1 1s-1-.45-1-1V7c0-.55.45-1 1-1zm3.66 6.82l5.77 4.07c.66.47 1.58-.01 1.58-.82V7.93c0-.81-.91-1.28-1.58-.82l-5.77 4.07c-.57.4-.57 1.24 0 1.64z"
            />
          </svg>
        </div>
        <div
          class="sc-AxgMl gBRePK"
          data-testid="audio-control-play-pause"
        >
          <svg
            aria-hidden="true"
            class="MuiSvgIcon-root"
            data-testid="audio-play-icon"
            focusable="false"
            viewBox="0 0 24 24"
          >
            <path
              d="M10.8 15.9l4.67-3.5c.27-.2.27-.6 0-.8L10.8 8.1c-.33-.25-.8-.01-.8.4v7c0 .41.47.65.8.4zM12 2C6.48 2 2 6.48 2 12s4.48 10 10 10 10-4.48 10-10S17.52 2 12 2zm0 18c-4.41 0-8-3.59-8-8s3.59-8 8-8 8 3.59 8 8-3.59 8-8 8z"
            />
          </svg>
        </div>
        <div
          class="sc-AxgMl lnWYQu"
          data-testid="audio-control-next"
        >
          <svg
            aria-hidden="true"
            class="MuiSvgIcon-root"
            focusable="false"
            viewBox="0 0 24 24"
          >
            <path
              d="M7.58 16.89l5.77-4.07c.56-.4.56-1.24 0-1.63L7.58 7.11C6.91 6.65 6 7.12 6 7.93v8.14c0 .81.91 1.28 1.58.82zM16 7v10c0 .55.45 1 1 1s1-.45 1-1V7c0-.55-.45-1-1-1s-1 .45-1 1z"
            />
          </svg>
        </div>
      </div>
      <div
        class="sc-fzozJi cCmWGe"
      >
        <div
          class="sc-Axmtr dILVTF"
        >
          00:00
        </div>
        <div
          class="sc-AxmLO bptprH"
        />
        <div
          class="sc-Axmtr dILVTF"
        >
          00:00
        </div>
      </div>
    </div>
  </div>,
  "debug": [Function],
  "findAllByAltText": [Function],
  "findAllByDisplayValue": [Function],
  "findAllByLabelText": [Function],
  "findAllByPlaceholderText": [Function],
  "findAllByRole": [Function],
  "findAllByTestId": [Function],
  "findAllByText": [Function],
  "findAllByTitle": [Function],
  "findByAltText": [Function],
  "findByDisplayValue": [Function],
  "findByLabelText": [Function],
  "findByPlaceholderText": [Function],
  "findByRole": [Function],
  "findByTestId": [Function],
  "findByText": [Function],
  "findByTitle": [Function],
  "getAllByAltText": [Function],
  "getAllByDisplayValue": [Function],
  "getAllByLabelText": [Function],
  "getAllByPlaceholderText": [Function],
  "getAllByRole": [Function],
  "getAllByTestId": [Function],
  "getAllByText": [Function],
  "getAllByTitle": [Function],
  "getByAltText": [Function],
  "getByDisplayValue": [Function],
  "getByLabelText": [Function],
  "getByPlaceholderText": [Function],
  "getByRole": [Function],
  "getByTestId": [Function],
  "getByText": [Function],
  "getByTitle": [Function],
  "queryAllByAltText": [Function],
  "queryAllByDisplayValue": [Function],
  "queryAllByLabelText": [Function],
  "queryAllByPlaceholderText": [Function],
  "queryAllByRole": [Function],
  "queryAllByTestId": [Function],
  "queryAllByText": [Function],
  "queryAllByTitle": [Function],
  "queryByAltText": [Function],
  "queryByDisplayValue": [Function],
  "queryByLabelText": [Function],
  "queryByPlaceholderText": [Function],
  "queryByRole": [Function],
  "queryByTestId": [Function],
  "queryByText": [Function],
  "queryByTitle": [Function],
  "rerender": [Function],
  "unmount": [Function],
}
`;
